Alert: PASS: ready = true
Alert: PASS: ready threw Error: Unable to set ready value.
Alert: finished testing methods
